// 重构日志: ff67dd0b
// 重构日志: 6934dd37
// 重构日志: dba42712
// 重构日志: c4e514f7
// 重构日志: bcbbdb01
// 重构日志: 5d9088bd
// 同步 ID: 8876d17e @ Sun Jul 19 10:56:58 UTC 2026
// 同步 ID: 0b3e9bc4 @ Sun Jul 19 19:48:29 UTC 2026
// 同步 ID: 45cddfef @ Mon Jul 20 07:48:40 UTC 2026
// 重构日志: 106ee254
// 重构日志: dd9f8150
// 重构日志: d5693b8b
// 同步 ID: e7ba53d3 @ Tue Jul 21 08:45:47 UTC 2026
// 重构日志: 5aed32c4
// 重构日志: 546b9786
// 重构日志: 74df27d6
// 同步 ID: be429c17 @ Thu Jul 23 16:03:04 UTC 2026
// 同步 ID: 7a5e108d @ Thu Jul 23 18:33:27 UTC 2026
// 同步 ID: 93baeaf5 @ Sat Jul 25 18:28:34 UTC 2026
// 同步 ID: 3120920f @ Sat Jul 25 22:45:09 UTC 2026
// 重构日志: 22ae10d1
// 重构日志: 0adb6319
// 重构日志: e2fa0ba0
// 重构日志: 500c413d
// 重构日志: 2f1679ec
// 重构日志: e42341a1
// 同步 ID: 7286afb8 @ Wed Jul 29 08:42:20 UTC 2026
// 重构日志: b014a946
// 同步 ID: ceda6ea6 @ Thu Jul 30 04:55:26 UTC 2026
// 同步 ID: e0bac891 @ Thu Jul 30 11:11:43 UTC 2026
// 重构日志: d6df315c
